> Task :compileJava
> Task :processResources UP-TO-DATE
> Task :classes
> Task :compileTestJava UP-TO-DATE
> Task :processTestResources NO-SOURCE
> Task :testClasses UP-TO-DATE
> Task :checkstyleMain

> Task :test

ContactListTest > delete_deleteContact_success() PASSED

ContactListTest > add_addContact_success() PASSED

ContactTest > testToFileString() PASSED

ContactTest > testStringConversion() PASSED

ParserTest > parse_unknownCommand_exception() PASSED

ParserTest > parse_todoCommand_success() PASSED

ParserTest > parse_emptyCommand_exception() PASSED

ParserTest > parse_deadlineCommand_success() PASSED

DeadlineTest > toString_validDate_success() PASSED

DeadlineTest > toFileString_validDate_success() PASSED

TaskListTest > find_nonMatchingKeyword_returnsEmpty() PASSED

TaskListTest > find_keyword_returnsMatchingTasks() PASSED

TodoTest > toFileString_valid_success() PASSED

TodoTest > toString_valid_success() PASSED

Deprecated Gradle features were used in this build, making it incompatible with Gradle 8.0.

You can use '--warning-mode all' to show the individual deprecation warnings and determine if they come from your own scripts or plugins.

See https://docs.gradle.org/7.6.2/userguide/command_line_interface.html#sec:command_line_warnings

BUILD SUCCESSFUL in 5s
5 actionable tasks: 3 executed, 2 up-to-date
